
> quantum-opt-daily@0.1.0 build
> npm run data && astro build


> quantum-opt-daily@0.1.0 data
> node scripts/build-data.mjs

site.json: 216 papers, 7 daily reports, 1 news days (8 items)
  [2026-09-06] (3 篇) 无环图上对称约简 QAOA 表达能力的高效估计 | 2609.03317 / 2609.03194 / 2609.03583
  [2026-09-05] (1 篇) 基于傅里叶展开的酉算子线性组合高效方法及其在量子优化中的应用 | 2605.18985
  [2026-09-03] (1 篇) 量子增强的多目标优化（框架 QEMOO） | 2607.18848
  [2026-09-03] (1 篇) 用增强型量子求解器在 NP 完全问题上实现标度优势的证据 | 2508.08869
  [2026-09-02] (1 篇) 面向随机机组组合的后端无关最大权独立集（MWIS）内核：中性原子量子硬件 | 2609.01248
  [2026-09-01] (1 篇) 无需逐实例优化的量子近似优化算法具有有效常数采样复杂度的证据 | 2509.19035
  [2026-08-31] (1 篇) 基于量子优化算法的能源互联网路由 | 2608.28401
  [新闻 2026-09-06] 8 条
[2m23:26:47[22m [34m[content][39m Syncing content
[2m23:26:47[22m [34m[content][39m Synced content
[2m23:26:47[22m [34m[types][39m Generated [2m42ms[22m
[2m23:26:47[22m [34m[build][39m output: [34m"static"[39m
[2m23:26:47[22m [34m[build][39m mode: [34m"static"[39m
[2m23:26:47[22m [34m[build][39m directory: [34mF:\研究生\01 竞赛科研\每日论文推送\docs\[39m
[2m23:26:47[22m [34m[build][39m Collecting build info...
[2m23:26:47[22m [34m[build][39m [32m✓ Completed in 69ms.[39m
[2m23:26:47[22m [34m[build][39m Building static entrypoints...
[2m23:26:48[22m [34m[vite][39m [32m✓ built in 1.09s[39m
[2m23:26:48[22m [34m[build][39m [32m✓ Completed in 1.13s.[39m

[42m[30m building client (vite) [39m[49m
[2m23:26:48[22m [34m[vite][39m transforming...
[2m23:26:48[22m [34m[vite][39m [32m✓[39m 1 modules transformed.
[2m23:26:48[22m [34m[vite][39m rendering chunks...
[2m23:26:48[22m [34m[vite][39m [32m✓ built in 32ms[39m

[42m[30m generating static routes [39m[49m
[2m23:26:48[22m [32m▶[39m src/pages/about.astro
[2m23:26:48[22m   [34m└─[39m [2m/about/index.html[22m [2m(+9ms)[22m 
[2m23:26:48[22m [32m▶[39m src/pages/applications/[key].astro
[2m23:26:48[22m   [34m├─[39m [2m/applications/satellite/index.html[22m [2m(+5ms)[22m 
[2m23:26:48[22m   [34m├─[39m [2m/applications/finance/index.html[22m [2m(+3ms)[22m 
[2m23:26:48[22m   [34m├─[39m [2m/applications/energy/index.html[22m [2m(+3ms)[22m 
[2m23:26:48[22m   [34m├─[39m [2m/applications/logistics/index.html[22m [2m(+4ms)[22m 
[2m23:26:48[22m   [34m├─[39m [2m/applications/manufacturing/index.html[22m [2m(+2ms)[22m 
[2m23:26:48[22m   [34m├─[39m [2m/applications/telecom/index.html[22m [2m(+4ms)[22m 
[2m23:26:48[22m   [34m├─[39m [2m/applications/transport/index.html[22m [2m(+2ms)[22m 
[2m23:26:48[22m   [34m├─[39m [2m/applications/pharma/index.html[22m [2m(+2ms)[22m 
[2m23:26:48[22m   [34m├─[39m [2m/applications/materials/index.html[22m [2m(+3ms)[22m 
[2m23:26:48[22m   [34m└─[39m [2m/applications/it-cloud/index.html[22m [2m(+2ms)[22m 
[2m23:26:48[22m [32m▶[39m src/pages/applications/index.astro
[2m23:26:48[22m   [34m└─[39m [2m/applications/index.html[22m [2m(+2ms)[22m 
[2m23:26:48[22m [32m▶[39m src/pages/daily/[id].astro
[2m23:26:48[22m   [34m├─[39m [2m/daily/2026-09-06/index.html[22m [2m(+24ms)[22m 
[2m23:26:48[22m   [34m├─[39m [2m/daily/2026-09-05/index.html[22m [2m(+4ms)[22m 
[2m23:26:48[22m   [34m├─[39m [2m/daily/2026-09-03-2/index.html[22m [2m(+3ms)[22m 
[2m23:26:48[22m   [34m├─[39m [2m/daily/2026-09-03/index.html[22m [2m(+4ms)[22m 
[2m23:26:48[22m   [34m├─[39m [2m/daily/2026-09-02/index.html[22m [2m(+2ms)[22m 
[2m23:26:48[22m   [34m├─[39m [2m/daily/2026-09-01/index.html[22m [2m(+2ms)[22m 
[2m23:26:48[22m   [34m└─[39m [2m/daily/2026-08-31/index.html[22m [2m(+3ms)[22m 
[2m23:26:48[22m [32m▶[39m src/pages/daily/index.astro
[2m23:26:48[22m   [34m└─[39m [2m/daily/index.html[22m [2m(+2ms)[22m 
[2m23:26:48[22m [32m▶[39m src/pages/index.astro
[2m23:26:48[22m   [34m└─[39m [2m/index.html[22m [2m(+10ms)[22m 
[2m23:26:48[22m [32m▶[39m src/pages/news/[id].astro
[2m23:26:48[22m   [34m└─[39m [2m/news/2026-09-06/index.html[22m [2m(+3ms)[22m 
[2m23:26:48[22m [32m▶[39m src/pages/news/index.astro
[2m23:26:48[22m   [34m└─[39m [2m/news/index.html[22m [2m(+2ms)[22m 
[2m23:26:48[22m [32m▶[39m src/pages/papers/[id].astro
[2m23:26:48[22m   [34m├─[39m [2m/papers/experimental-validation-compact-fault-tolerant-architecture-trapped-8f7e6/index.html[22m [2m(+4ms)[22m 
[2m23:26:48[22m   [34m├─[39m [2m/papers/optimizing-atom-transport-gate-count-depth-parity-8f7e6/index.html[22m [2m(+3ms)[22m 
[2m23:26:48[22m   [34m├─[39m [2m/papers/efficient-fourier-based-linear-combination-unitaries-applications-bbf5e/index.html[22mdomains is not defined
  [1mStack trace:[22m
[2m    at file:///F:/%E7%A0%94%E7%A9%B6%E7%94%9F/01%20%E7%AB%9E%E8%B5%9B%E7%A7%91%E7%A0%94/%E6%AF%8F%E6%97%A5%E8%AE%BA%E6%96%87%E6%8E%A8%E9%80%81/site/.astro/pages/papers/_id_.astro.mjs?time=1788708408798:20:1120
    at Object.default (file:///F:/%E7%A0%94%E7%A9%B6%E7%94%9F/01%20%E7%AB%9E%E8%B5%9B%E7%A7%91%E7%A0%94/%E6%AF%8F%E6%97%A5%E8%AE%BA%E6%96%87%E6%8E%A8%E9%80%81/site/.astro/pages/papers/_id_.astro.mjs?time=1788708408798:20:992)
    at createAstroComponentInstance (file:///F:/%E7%A0%94%E7%A9%B6%E7%94%9F/01%20%E7%AB%9E%E8%B5%9B%E7%A7%91%E7%A0%94/%E6%AF%8F%E6%97%A5%E8%AE%BA%E6%96%87%E6%8E%A8%E9%80%81/site/.astro/chunks/astro/server_DLSzJewN.mjs:1503:20)
    at renderComponent (file:///F:/%E7%A0%94%E7%A9%B6%E7%94%9F/01%20%E7%AB%9E%E8%B5%9B%E7%A7%91%E7%A0%94/%E6%AF%8F%E6%97%A5%E8%AE%BA%E6%96%87%E6%8E%A8%E9%80%81/site/.astro/chunks/astro/server_DLSzJewN.mjs:1882:12)
    at [id] (file:///F:/%E7%A0%94%E7%A9%B6%E7%94%9F/01%20%E7%AB%9E%E8%B5%9B%E7%A7%91%E7%A0%94/%E6%AF%8F%E6%97%A5%E8%AE%BA%E6%96%87%E6%8E%A8%E9%80%81/site/.astro/chunks/astro/server_DLSzJewN.mjs:139:12)[22m
Assertion failed: !(handle->flags & UV_HANDLE_CLOSING), file src\win\async.c, line 94
